test_move.out
10:08:10 10 January 2019
 vtk_input_file = sduct.vtk

 hds_input_file = testhds_hds.hds

 query_input_file = ../RAYS/exps00000200.qry

input HDS file date stamp
10:05:54 10 January 2019
